// Jest Snapshot v1, https://goo.gl/fbAQLP

exports[`Tests for JournalEntry component should render correctly 1`] = `
<div
  className="journal__entry pointer animate__animated animate__fadeIn animate__faster"
  onClick={[Function]}
>
  <div
    className="journal__entry-picture"
    style={
      Object {
        "backgroundImage": "url(https://someplace.com/img.jpg)",
        "backgroundSize": "cover",
      }
    }
  />
  <div
    className="journal__entry-body"
  >
    <p
      className="journal__entry-title"
    >
      Hello
    </p>
    <p
      className="journal__entry-content"
    >
      world
    </p>
  </div>
  <div
    className="journal__entry-date-box"
  >
    <span>
       
      Wednesday
       
    </span>
    <h4>
       
      31st
       
    </h4>
  </div>
</div>
`;
