// Jest Snapshot v1, https://goo.gl/fbAQLP

exports[`HookApp component test should match snapshot 1`] = `
<div>
  <h1>
    Hola mundo!
  </h1>
</div>
`;
