// Jest Snapshot v1, https://goo.gl/fbAQLP

exports[`Tests over MultipleCustomHooks component should match snapshot 1`] = `
<Fragment>
  <h1>
    Breaking Bad Quotes
  </h1>
  <hr />
  <div
    className="alert alert-info text-center"
  >
    Loading...
  </div>
  <button
    className="btn btn-primary"
    onClick={[Function]}
  >
    Siguiente Frase
  </button>
</Fragment>
`;
