// Jest Snapshot v1, https://goo.gl/fbAQLP

exports[`AppRouter component tests should render the component 1`] = `
<div>
  <nav
    className="navbar navbar-expand-md navbar-dark bg-dark"
  >
    <a
      className="navbar-brand"
      href="/"
      onClick={[Function]}
    >
      useContext
    </a>
    <button
      aria-controls="navbarNav"
      aria-expanded="false"
      aria-label="Toggle navigation"
      className="navbar-toggler"
      data-target="#navbarNav"
      data-toggle="collapse"
      type="button"
    >
      <span
        className="navbar-toggler-icon"
      />
    </button>
    <div
      className="collapse navbar-collapse"
      id="navbarNav"
    >
      <ul
        className="navbar-nav"
      >
        <a
          aria-current="page"
          className="nav-item nav-link active"
          href="/"
          onClick={[Function]}
          style={Object {}}
        >
          Home
        </a>
        <a
          aria-current={null}
          className="nav-item nav-link"
          href="/about"
          onClick={[Function]}
        >
          About
        </a>
        <a
          aria-current={null}
          className="nav-item nav-link"
          href="/login"
          onClick={[Function]}
        >
          Login
        </a>
      </ul>
    </div>
  </nav>
  <div
    className="container"
  >
    <div>
      <h1>
        Home Screen
      </h1>
      <hr />
      <pre>
        {
   "id": 1,
   "name": "Miguel"
}
      </pre>
    </div>
  </div>
</div>
`;
