// Jest Snapshot v1, https://goo.gl/fbAQLP

exports[`HomeScreen component tests should render component 1`] = `
<div>
  <h1>
    Home Screen
  </h1>
  <hr />
  <pre>
    {
   "name": "Miguel",
   "email": "mangelsr25@gmail.com"
}
  </pre>
</div>
`;
