// Jest Snapshot v1, https://goo.gl/fbAQLP

exports[`Pruebas sobre <GifGrid /> Debe mostrarse el componente 1`] = `
<Fragment>
  <h3
    className="animate__animated animate__fadeIn"
  >
    Shaman King
  </h3>
  <p
    className="animate__animated animate__flash"
  >
    Loading
  </p>
  <div
    className="card-grid"
  />
</Fragment>
`;
