// Jest Snapshot v1, https://goo.gl/fbAQLP

exports[`Pruebas de <GifGridItem /> Debe hacer match con el snapshot 1`] = `
<div
  className="card animate__animated animate__fadeIn"
>
  <img
    alt="Un titulo"
    src="https://localhost/algo.jpg"
  />
  <p>
    Un titulo
  </p>
</div>
`;
